FAIL
amp-sidebar/1.0/test/validator-amp-sidebar.html:59:4 Tag 'amp-sidebar > nav' must have 1 child tags - saw 2 child tags. [AMP_TAG_PROBLEM]
amp-sidebar/1.0/test/validator-amp-sidebar.html:72:4 The tag 'amp-ad' may not appear as a descendant of tag 'amp-sidebar'. (see https://www.ampproject.org/docs/reference/components/amp-ad) [AMP_TAG_PROBLEM]
amp-sidebar/1.0/test/validator-amp-sidebar.html:75:2 The attribute 'side' in tag 'amp-sidebar' is set to the invalid value 'center'. (see https://www.ampproject.org/docs/reference/components/amp-sidebar) [AMP_TAG_PROBLEM]
