FAIL
|  <!--
|    Copyright 2018 The AMP HTML Authors. All Rights Reserved.
|
|    Licensed under the Apache License, Version 2.0 (the "License");
|    you may not use this file except in compliance with the License.
|    You may obtain a copy of the License at
|
|        http://www.apache.org/licenses/LICENSE-2.0
|
|    Unless required by applicable law or agreed to in writing, software
|    distributed under the License is distributed on an "AS-IS" BASIS,
|    WITHOUT WARRANTIES OR CONDITIONS OF ANY KIND, either express or implied.
|    See the License for the specific language governing permissions and
|    limitations under the license.
|  -->
|  <!--
|    Test Description:
|    Tests for the amp-install-serviceworker tag. See the inline comments.
|  -->
|  <!doctype html>
|  <html âš¡>
|  <head>
|    <meta charset="utf-8">
|    <link rel="canonical" href="./regular-html-version.html">
|    <meta name="viewport" content="width=device-width,minimum-scale=1">
|    <style amp-boilerplate>body{-webkit-animation:-amp-start 8s steps(1,end) 0s 1 normal both;-moz-animation:-amp-start 8s steps(1,end) 0s 1 normal both;-ms-animation:-amp-start 8s steps(1,end) 0s 1 normal both;animation:-amp-start 8s steps(1,end) 0s 1 normal both}@-webkit-keyframes -amp-start{from{visibility:hidden}to{visibility:visible}}@-moz-keyframes -amp-start{from{visibility:hidden}to{visibility:visible}}@-ms-keyframes -amp-start{from{visibility:hidden}to{visibility:visible}}@-o-keyframes -amp-start{from{visibility:hidden}to{visibility:visible}}@keyframes -amp-start{from{visibility:hidden}to{visibility:visible}}</style><noscript><style amp-boilerplate>body{-webkit-animation:none;-moz-animation:none;-ms-animation:none;animation:none}</style></noscript>
|    <script async custom-element="amp-install-serviceworker" src="https://cdn.ampproject.org/v0/amp-install-serviceworker-latest.js"></script>
|    <script async src="https://cdn.ampproject.org/v0.js"></script>
|  </head>
|  <body>
|    <!-- Valid: Installs a service worker. -->
|    <amp-install-serviceworker
|      src="https://www.your-domain.com/serviceworker.js"
|      data-iframe-src="https://www.your-domain.com/install-serviceworker.html"
|      layout="nodisplay">
|    </amp-install-serviceworker>
|
|    <!-- Valid: Has optional data-iframe-src attribute. -->
|    <amp-install-serviceworker
|      src="https://www.your-domain.com/serviceworker.js"
|      layout="nodisplay">
|    </amp-install-serviceworker>
|
|    <!-- Invalid: The data-iframe-src attribute is not https or relative. -->
|    <amp-install-serviceworker
>>   ^~~~~~~~~
amp-install-serviceworker/0.1/test/validator-amp-install-serviceworker.html:45:2 Invalid URL protocol 'http:' for attribute 'data-iframe-src' in tag 'amp-install-serviceworker'. (see https://www.ampproject.org/docs/reference/components/amp-install-serviceworker) [AMP_TAG_PROBLEM]
|      src="https://www.your-domain.com/serviceworker.js"
|      data-iframe-src="http://www.your-domain.com/install-serviceworker.html"
|      layout="nodisplay">
|    </amp-install-serviceworker>
|
|    <!-- Invalid: Missing src attribute. -->
|    <amp-install-serviceworker
>>   ^~~~~~~~~
amp-install-serviceworker/0.1/test/validator-amp-install-serviceworker.html:52:2 The mandatory attribute 'src' is missing in tag 'amp-install-serviceworker'. (see https://www.ampproject.org/docs/reference/components/amp-install-serviceworker) [AMP_TAG_PROBLEM]
|      data-iframe-src="https://www.your-domain.com/install-serviceworker.html"
|      layout="nodisplay">
|    </amp-install-serviceworker>
|
|    <!-- Invalid: The src attribute is not https or relative. -->
|    <amp-install-serviceworker
>>   ^~~~~~~~~
amp-install-serviceworker/0.1/test/validator-amp-install-serviceworker.html:58:2 Invalid URL protocol 'http:' for attribute 'src' in tag 'amp-install-serviceworker'. (see https://www.ampproject.org/docs/reference/components/amp-install-serviceworker) [AMP_TAG_PROBLEM]
|      src="http://www.your-domain.com/serviceworker.js"
|      data-iframe-src="https://www.your-domain.com/install-serviceworker.html"
|      layout="nodisplay">
|    </amp-install-serviceworker>
|
|    <!-- Invalid: illegal layout. -->
|    <amp-install-serviceworker
>>   ^~~~~~~~~
amp-install-serviceworker/0.1/test/validator-amp-install-serviceworker.html:65:2 The specified layout 'RESPONSIVE' is not supported by tag 'amp-install-serviceworker'. (see https://www.ampproject.org/docs/reference/components/amp-install-serviceworker) [AMP_LAYOUT_PROBLEM]
|      src="https://www.your-domain.com/serviceworker.js"
|      data-iframe-src="https://www.your-domain.com/install-serviceworker.html"
|      layout="responsive">
|    </amp-install-serviceworker>
|  </body>
|  </html>
