FAIL
|  <!--
|    Test Description:
|    Tests support for the amp-facebook-like tag.
|  -->
|  <!doctype html>
|  <html âš¡ lang="en">
|  <head>
|    <meta charset="utf-8">
|    <link rel="canonical" href="./regular-html-version.html">
|    <meta name="viewport" content="width=device-width,minimum-scale=1">
|    <style amp-boilerplate>body{-webkit-animation:-amp-start 8s steps(1,end) 0s 1 normal both;-moz-animation:-amp-start 8s steps(1,end) 0s 1 normal both;-ms-animation:-amp-start 8s steps(1,end) 0s 1 normal both;animation:-amp-start 8s steps(1,end) 0s 1 normal both}@-webkit-keyframes -amp-start{from{visibility:hidden}to{visibility:visible}}@-moz-keyframes -amp-start{from{visibility:hidden}to{visibility:visible}}@-ms-keyframes -amp-start{from{visibility:hidden}to{visibility:visible}}@-o-keyframes -amp-start{from{visibility:hidden}to{visibility:visible}}@keyframes -amp-start{from{visibility:hidden}to{visibility:visible}}</style><noscript><style amp-boilerplate>body{-webkit-animation:none;-moz-animation:none;-ms-animation:none;animation:none}</style></noscript>
|    <script async src="https://cdn.ampproject.org/v0.js"></script>
|    <!-- Invalid: amp-facebook 0.1 does not suffice for amp-facebook-like -->
|    <script async custom-element="amp-facebook" src="https://cdn.ampproject.org/v0/amp-facebook-0.1.js"></script>
|  </head>
|  <body>
|      <amp-facebook-like width=225 height=80
|          layout="fixed"
|          title="Like Button"
|          data-layout="standard"
|          data-size="large"
|          data-show-faces="true"
|          data-href="https://www.facebook.com/testesmegadivertidos/">
|      </amp-facebook-like>
|  </body>
|  </html>
>>       ^~~~~~~~~
amp-facebook-like/0.1/test/validator-amp-facebook-like-invalid.html:26:6 The tag 'amp-facebook 1.0' is missing or incorrect, but required by 'amp-facebook-like'. (see https://amp.dev/documentation/components/amp-facebook)
