PASS
|  <!--
|    Copyright 2020 The AMP HTML Authors. All Rights Reserved.
|    Licensed under the Apache License, Version 2.0 (the "License");
|    you may not use this file except in compliance with the License.
|    You may obtain a copy of the License at
|        http://www.apache.org/licenses/LICENSE-2.0
|    Unless required by applicable law or agreed to in writing, software
|    distributed under the License is distributed on an "AS-IS" BASIS,
|    WITHOUT WARRANTIES OR CONDITIONS OF ANY KIND, either express or implied.
|    See the License for the specific language governing permissions and
|    limitations under the license.
|  -->
|  <!--
|    Test Description:
|    Tests for the amp-list functionality inside amp-story.
|  -->
|  <!DOCTYPE html>
|  <html amp lang="en">
|    <head>
|      <meta charset="utf-8" />
|      <script async src="https://cdn.ampproject.org/v0.js"></script>
|      <script async custom-element="amp-story"
|        src="https://cdn.ampproject.org/v0/amp-story-1.0.js"></script>
|      <script async custom-element="amp-list"
|        src="https://cdn.ampproject.org/v0/amp-list-0.1.js"></script>
|      <script async custom-template="amp-mustache"
|        src="https://cdn.ampproject.org/v0/amp-mustache-0.2.js"></script>
|      <script async custom-element="amp-bind"
|        src="https://cdn.ampproject.org/v0/amp-bind-0.1.js"></script>
|      <title>amp-list</title>
|      <meta name="viewport" content="width=device-width,minimum-scale=1,initial-scale=1"/>
|      <link rel="canonical" href="index.html" />
|      <style amp-boilerplate>body{-webkit-animation:-amp-start 8s steps(1,end) 0s 1 normal both;-moz-animation:-amp-start 8s steps(1,end) 0s 1 normal both;-ms-animation:-amp-start 8s steps(1,end) 0s 1 normal both;animation:-amp-start 8s steps(1,end) 0s 1 normal both}@-webkit-keyframes -amp-start{from{visibility:hidden}to{visibility:visible}}@-moz-keyframes -amp-start{from{visibility:hidden}to{visibility:visible}}@-ms-keyframes -amp-start{from{visibility:hidden}to{visibility:visible}}@-o-keyframes -amp-start{from{visibility:hidden}to{visibility:visible}}@keyframes -amp-start{from{visibility:hidden}to{visibility:visible}}</style><noscript><style amp-boilerplate>body{-webkit-animation:none;-moz-animation:none;-ms-animation:none;animation:none}</style></noscript>
|    </head>
|
|    <body>
|      <amp-story standalone title="My Story" publisher="Me"
|        publisher-logo-src="http://me.com/logo.png"
|        poster-portrait-src="http://me.com/poster.jpg">
|        <amp-story-page id="list-1">
|          <amp-story-grid-layer template="vertical">
|            <template type="amp-mustache" id="amp-template-id">
|              <div><a href="{{url}}">{{title}}</a></div>
|            </template>
|            <amp-list
|              layout="fixed-height"
|              height="100"
|              src="/examples/list.example.json"
|              template="amp-template-id"
|              binding="no">
|            </amp-list>
|          </amp-story-grid-layer>
|        </amp-story-page>
|
|        <amp-story-page id="list-2">
|          <amp-story-grid-layer template="vertical">
|            <amp-state id="items">
|              <script type="application/json">
|                []
|              </script>
|            </amp-state>
|            <amp-list
|              layout="fixed-height"
|              height="0"
|              [src]="items"
|              [height]="items.length * 22"
|              single-item
|              items="."
|              binding="no">
|              <template type="amp-mustache">
|                <div>{{ . }}</div>
|              </template>
|            </amp-list>
|          </amp-story-grid-layer>
|        </amp-story-page>
|
|        <amp-story-page id="list-3">
|          <amp-story-grid-layer template="vertical">
|            <amp-list
|              layout="fixed-height"
|              height="100"
|              src="/examples/list.example.json"
|              binding="no">
|              <template type="amp-mustache">
|                <div><a href="{{url}}">{{title}}</a></div>
|              </template>
|            </amp-list>
|          </amp-story-grid-layer>
|        </amp-story-page>
|      </amp-story>
|    </body>
|  </html>