FAIL
|  <!--
|    Copyright 2018 The AMP HTML Authors. All Rights Reserved.
|    Licensed under the Apache License, Version 2.0 (the "License");
|    you may not use this file except in compliance with the License.
|    You may obtain a copy of the License at
|        http://www.apache.org/licenses/LICENSE-2.0
|    Unless required by applicable law or agreed to in writing, software
|    distributed under the License is distributed on an "AS-IS" BASIS,
|    WITHOUT WARRANTIES OR CONDITIONS OF ANY KIND, either express or implied.
|    See the License for the specific language governing permissions and
|    limitations under the license.
|  -->
|  <!--
|    Test Description:
|    Tests for the amp-story-embedded-component
|  -->
|  <!doctype html>
|  <html âš¡>
|  <head>
|    <meta charset="utf-8">
|    <script async src="https://cdn.ampproject.org/v0.js"></script>
|    <script async custom-element="amp-story" src="https://cdn.ampproject.org/v0/amp-story-1.0.js"></script>
|    <title>My Story</title>
|    <meta name="description" content="Get started with amp-story">
|    <link rel="canonical" href="validator-amp-story-embedded-component-error.html">
|    <meta name="viewport" content="width=device-width,minimum-scale=1,initial-scale=1">
|    <style amp-boilerplate>body{-webkit-animation:-amp-start 8s steps(1,end) 0s 1 normal both;-moz-animation:-amp-start 8s steps(1,end) 0s 1 normal both;-ms-animation:-amp-start 8s steps(1,end) 0s 1 normal both;animation:-amp-start 8s steps(1,end) 0s 1 normal both}@-webkit-keyframes -amp-start{from{visibility:hidden}to{visibility:visible}}@-moz-keyframes -amp-start{from{visibility:hidden}to{visibility:visible}}@-ms-keyframes -amp-start{from{visibility:hidden}to{visibility:visible}}@-o-keyframes -amp-start{from{visibility:hidden}to{visibility:visible}}@keyframes -amp-start{from{visibility:hidden}to{visibility:visible}}</style><noscript><style amp-boilerplate>body{-webkit-animation:none;-moz-animation:none;-ms-animation:none;animation:none}</style></noscript>
|  </head>
|  <body>
|    <amp-story standalone title="My Story" publisher="Me" publisher-logo-src="http://me.com/logo.png" poster-portrait-src="http://me.com/poster.jpg">
|      <amp-story-page id="fill-template-title">
|        <amp-story-grid-layer template="vertical">
|          <a href="google.com" role="link" data-tooltip-icon="javascript:alert('hello evil')" data-tooltip-text="click me" target="_blank">TOOLTIP</a>
>>         ^~~~~~~~~
amp-story/1.0/test/validator-amp-story-embedded-component-error.html:33:8 The tag 'a', a child tag of 'amp-story-grid-layer', does not satisfy one of the acceptable reference points: AMP-STORY-GRID-LAYER default, AMP-STORY-GRID-LAYER animate-in.
|          <a href="javascript:alert('hello evil world')" role="link" data-tooltip-icon="/my-icon" data-tooltip-text="click me" target="">TOOLTIP</a>
>>         ^~~~~~~~~
amp-story/1.0/test/validator-amp-story-embedded-component-error.html:34:8 Invalid URL protocol 'javascript:' for attribute 'href' in tag 'a'. (see https://amp.dev/documentation/guides-and-tutorials/learn/spec/amphtml/#links)
>>         ^~~~~~~~~
amp-story/1.0/test/validator-amp-story-embedded-component-error.html:34:8 The attribute 'target' in tag 'a' is set to the invalid value ''. (see https://amp.dev/documentation/guides-and-tutorials/learn/spec/amphtml/#links)
|        </amp-story-grid-layer>
|        <amp-story-grid-layer template="vertical">
|            <a href="google.com" role="link" data-tooltip-icon="/my-icon" data-tooltip-text="click me" target="_top">TOOLTIP</a>
>>           ^~~~~~~~~
amp-story/1.0/test/validator-amp-story-embedded-component-error.html:37:10 The tag 'a', a child tag of 'amp-story-grid-layer', does not satisfy one of the acceptable reference points: AMP-STORY-GRID-LAYER default, AMP-STORY-GRID-LAYER animate-in.
|            <a href="google.com" role="link" data-tooltip-icon="/my-icon" data-tooltip-text="click me" target="_self">TOOLTIP</a>
>>           ^~~~~~~~~
amp-story/1.0/test/validator-amp-story-embedded-component-error.html:38:10 The tag 'a', a child tag of 'amp-story-grid-layer', does not satisfy one of the acceptable reference points: AMP-STORY-GRID-LAYER default, AMP-STORY-GRID-LAYER animate-in.
|          </amp-story-grid-layer>
|      </amp-story-page>
|    </amp-story>
|  </body>
|  </html>
