PASS
|  <!--
|    Test Description:
|    Tests for the supports-landscape attribute.
|  -->
|  <!doctype html>
|  <html âš¡ lang="en">
|  <head>
|    <meta charset="utf-8">
|    <script async src="https://cdn.ampproject.org/v0.js"></script>
|    <script async custom-element="amp-story" src="https://cdn.ampproject.org/v0/amp-story-1.0.js"></script>
|    <title>My Story</title>
|    <meta name="description" content="Get started with amp-story">
|    <meta name="viewport" content="width=device-width,minimum-scale=1,initial-scale=1">
|    <link rel="canonical" href="grid-layer-templates.html">
|    <style amp-boilerplate>body{-webkit-animation:-amp-start 8s steps(1,end) 0s 1 normal both;-moz-animation:-amp-start 8s steps(1,end) 0s 1 normal both;-ms-animation:-amp-start 8s steps(1,end) 0s 1 normal both;animation:-amp-start 8s steps(1,end) 0s 1 normal both}@-webkit-keyframes -amp-start{from{visibility:hidden}to{visibility:visible}}@-moz-keyframes -amp-start{from{visibility:hidden}to{visibility:visible}}@-ms-keyframes -amp-start{from{visibility:hidden}to{visibility:visible}}@-o-keyframes -amp-start{from{visibility:hidden}to{visibility:visible}}@keyframes -amp-start{from{visibility:hidden}to{visibility:visible}}</style><noscript><style amp-boilerplate>body{-webkit-animation:none;-moz-animation:none;-ms-animation:none;animation:none}</style></noscript>
|  </head>
|  <body>
|    <amp-story standalone title="Foo" publisher="AMP" publisher-logo-src="http://example.com/foo.png" poster-portrait-src="http://example.com/foo.png" supports-landscape>
|      <amp-story-page id="cover">
|        <amp-story-grid-layer template="vertical">
|          <h1>Story!</h1>
|        </amp-story-grid-layer>
|      </amp-story-page>
|
|      <amp-story-page id="page1">
|        <amp-story-grid-layer template="fill">
|          <h1>Oh hi!</h1>
|        </amp-story-grid-layer>
|      </amp-story-page>
|    </amp-story>
|  </body>
|  </html>
