FAIL
|  <!--
|    Copyright 2017 The AMP HTML Authors. All Rights Reserved.
|  
|    Licensed under the Apache License, Version 2.0 (the "License");
|    you may not use this file except in compliance with the License.
|    You may obtain a copy of the License at
|  
|        http://www.apache.org/licenses/LICENSE-2.0
|  
|    Unless required by applicable law or agreed to in writing, software
|    distributed under the License is distributed on an "AS-IS" BASIS,
|    WITHOUT WARRANTIES OR CONDITIONS OF ANY KIND, either express or implied.
|    See the License for the specific language governing permissions and
|    limitations under the license.
|  -->
|  <!--
|    Test Description:
|    Tests for the amp-story tag.
|  -->
|  <!doctype html>
|  <html âš¡>
|  <head>
|    <meta charset="utf-8">
|    <title>STAMP examples</title>
|    <link rel="canonical" href="http://nonblocking.io/" >
|    <meta name="viewport" content="width=device-width,minimum-scale=1,initial-scale=1">
|    <style amp-boilerplate>body{-webkit-animation:-amp-start 8s steps(1,end) 0s 1 normal both;-moz-animation:-amp-start 8s steps(1,end) 0s 1 normal both;-ms-animation:-amp-start 8s steps(1,end) 0s 1 normal both;animation:-amp-start 8s steps(1,end) 0s 1 normal both}@-webkit-keyframes -amp-start{from{visibility:hidden}to{visibility:visible}}@-moz-keyframes -amp-start{from{visibility:hidden}to{visibility:visible}}@-ms-keyframes -amp-start{from{visibility:hidden}to{visibility:visible}}@-o-keyframes -amp-start{from{visibility:hidden}to{visibility:visible}}@keyframes -amp-start{from{visibility:hidden}to{visibility:visible}}</style><noscript><style amp-boilerplate>body{-webkit-animation:none;-moz-animation:none;-ms-animation:none;animation:none}</style></noscript>
|    <script async src="https://cdn.ampproject.org/v0.js"></script>
|  </head>
|  <body>
|    <amp-story> <!-- error because the 'standalone' and metadata attributes aren't set -->
>>   ^~~~~~~~~
amp-story/1.0/test/validator-amp-story-error.html:31:2 The mandatory attribute 'standalone' is missing in tag 'AMP-STORY (beta)'. (see https://www.ampproject.org/docs/reference/components/amp-story) [DISALLOWED_HTML]
>>   ^~~~~~~~~
amp-story/1.0/test/validator-amp-story-error.html:31:2 The tag 'AMP-STORY (beta)' requires including the 'amp-story' extension JavaScript. (see https://www.ampproject.org/docs/reference/components/amp-story) [MANDATORY_AMP_TAG_MISSING_OR_INCORRECT]
|      <amp-story-page> <!-- error because the 'id' attribute isn't set -->
>>     ^~~~~~~~~
amp-story/1.0/test/validator-amp-story-error.html:32:4 The mandatory attribute 'id' is missing in tag 'amp-story-page'. (see https://www.ampproject.org/docs/reference/components/amp-story) [AMP_TAG_PROBLEM]
>>     ^~~~~~~~~
amp-story/1.0/test/validator-amp-story-error.html:32:4 The tag 'amp-story-page' requires including the 'amp-story' extension JavaScript. (see https://www.ampproject.org/docs/reference/components/amp-story) [MANDATORY_AMP_TAG_MISSING_OR_INCORRECT]
|        <amp-story-grid-layer> <!-- error because one of 'fill', 'horizontal', 'vertical', 'thirds' should be set. -->
>>       ^~~~~~~~~
amp-story/1.0/test/validator-amp-story-error.html:33:6 The mandatory attribute 'template' is missing in tag 'amp-story-grid-layer'. [AMP_TAG_PROBLEM]
|          <h5>
|            <h1>
|              <h4 height="50px"></h4> <!-- error because 'height' is not an allowed attribute. -->
>>             ^~~~~~~~~
amp-story/1.0/test/validator-amp-story-error.html:36:12 The attribute 'height' may not appear in tag 'h4'. [DISALLOWED_HTML]
|            </h1>
|          </h5>
|        </amp-story-grid-layer>
|      </amp-story-page>
|    </amp-story>
|    <div></div> <!-- this should create an error for the 'no siblings allowed' rule on <amp-story> -->
|  </body>
|  </html>
