PASS
|  <!--
|    Copyright 2020 The AMP HTML Authors. All Rights Reserved.
|
|    Licensed under the Apache License, Version 2.0 (the "License");
|    you may not use this file except in compliance with the License.
|    You may obtain a copy of the License at
|
|        http://www.apache.org/licenses/LICENSE-2.0
|
|    Unless required by applicable law or agreed to in writing, software
|    distributed under the License is distributed on an "AS-IS" BASIS,
|    WITHOUT WARRANTIES OR CONDITIONS OF ANY KIND, either express or implied.
|    See the License for the specific language governing permissions and
|    limitations under the license.
|  -->
|  <!--
|    Test Description:
|    Tests for the show-tooltip attribute.
|  -->
|  <!doctype html>
|  <html amp lang="en">
|    <head>
|      <meta charset="utf-8">
|      <script async src="https://cdn.ampproject.org/v0.js"></script>
|      <script async custom-element="amp-story"
|          src="https://cdn.ampproject.org/v0/amp-story-1.0.js"></script>
|      <title>My Story</title>
|      <meta name="description" content="Get started with amp-story">
|
|      <meta name="viewport"
|            content="width=device-width,minimum-scale=1,initial-scale=1">
|      <link rel="canonical" href="grid-layer-templates.html">
|      <style amp-boilerplate>body{-webkit-animation:-amp-start 8s steps(1,end) 0s 1 normal both;-moz-animation:-amp-start 8s steps(1,end) 0s 1 normal both;-ms-animation:-amp-start 8s steps(1,end) 0s 1 normal both;animation:-amp-start 8s steps(1,end) 0s 1 normal both}@-webkit-keyframes -amp-start{from{visibility:hidden}to{visibility:visible}}@-moz-keyframes -amp-start{from{visibility:hidden}to{visibility:visible}}@-ms-keyframes -amp-start{from{visibility:hidden}to{visibility:visible}}@-o-keyframes -amp-start{from{visibility:hidden}to{visibility:visible}}@keyframes -amp-start{from{visibility:hidden}to{visibility:visible}}</style><noscript><style amp-boilerplate>body{-webkit-animation:none;-moz-animation:none;-ms-animation:none;animation:none}</style></noscript>
|      <style amp-custom>
|        body {
|          font-family: 'Roboto', sans-serif;
|        }
|        amp-story-page {
|          background: white;
|        }
|        .content {
|          background: #f2f2f2;
|          border: solid #ccc;
|          width: 100%;
|          height: 100%;
|          padding: 8px;
|        }
|        </style>
|    </head>
|
|    <body>
|      <amp-story standalone title="My Story" publisher="Me" publisher-logo-src="http://me.com/logo.png" poster-portrait-src="http://me.com/portrait.jpg" poster-square-src="http://me.com/square.jpg" poster-landscape-src="http://me.com/landscape.jpg" background-audio="http://me.com/path/to/my.mp3">
|
|        <amp-story-page id="cover">
|          <amp-story-grid-layer template="vertical">
|            <h1>Templates</h1>
|            <p>Predefined layouts for your stories.</p>
|            <ul>
|              <li>fill</li>
|              <li>vertical</li>
|              <li>horizontal</li>
|            </ul>
|          </amp-story-grid-layer>
|        </amp-story-page>
|
|        <amp-story-page id="fill-template-title">
|          <amp-story-grid-layer template="vertical">
|            <h1>fill</h1>
|
|            <div style="position: absolute; top:50%; left: 0; right: 0; height: 200px; background-color: aqua;">
|              <a href="https://www.google.com"  show-tooltip="auto" style="height:100px; position:absolute;">
|                <span>span inside div > a[show-tooltip="auto"]</span>
|              </a>
|            </div>
|
|            <a href="https://www.google.com"  show-tooltip="auto" style="position:absolute; bottom:15px;"><span>This is a link in the bottom 20% of grid-layer using [show-tooltip]="auto"</span></a>
|          </amp-story-grid-layer>
|        </amp-story-page>
|
|      </amp-story>
|    </body>
|  </html>
