FAIL
|  <!--
|    Copyright 2018 The AMP HTML Authors. All Rights Reserved.
|    Licensed under the Apache License, Version 2.0 (the "License");
|    you may not use this file except in compliance with the License.
|    You may obtain a copy of the License at
|        http://www.apache.org/licenses/LICENSE-2.0
|    Unless required by applicable law or agreed to in writing, software
|    distributed under the License is distributed on an "AS-IS" BASIS,
|    WITHOUT WARRANTIES OR CONDITIONS OF ANY KIND, either express or implied.
|    See the License for the specific language governing permissions and
|    limitations under the license.
|  -->
|  <!--
|    Test Description:
|    Valid amp-test tag
|  -->
|  <!doctype html>
|  <html âš¡>
|  <head>
|    <meta charset="utf-8">
|    <title>amp-digidip example</title>
|    <link rel="canonical" href="amps.html">
|    <meta name="viewport" content="width=device-width,minimum-scale=1,initial-scale=1">
|    <style amp-boilerplate>body{-webkit-animation:-amp-start 8s steps(1,end) 0s 1 normal both;-moz-animation:-amp-start 8s steps(1,end) 0s 1 normal both;-ms-animation:-amp-start 8s steps(1,end) 0s 1 normal both;animation:-amp-start 8s steps(1,end) 0s 1 normal both}@-webkit-keyframes -amp-start{from{visibility:hidden}to{visibility:visible}}@-moz-keyframes -amp-start{from{visibility:hidden}to{visibility:visible}}@-ms-keyframes -amp-start{from{visibility:hidden}to{visibility:visible}}@-o-keyframes -amp-start{from{visibility:hidden}to{visibility:visible}}@keyframes -amp-start{from{visibility:hidden}to{visibility:visible}}</style><noscript><style amp-boilerplate>body{-webkit-animation:none;-moz-animation:none;-ms-animation:none;animation:none}</style></noscript>
|    <script async custom-element="amp-digidip" src="https://cdn.ampproject.org/v0/amp-digidip-0.1.js"></script>
|    <script async src="https://cdn.ampproject.org/v0.js"></script>
|  </head>
|  <body>
|    <!-- Valid: Activating link shifter -->
|    <amp-digidip
|            layout="nodisplay"
|            publisher-id="stylebudget"
|            hosts-ignore="facebook.com|youtube.com|baidu.com|wikipedia.org|twitter.com|qq.com|linkedin.com|taobao.com|live.com|hao123.com|sina.com.cn|blogspot.com|weibo.com|yandex.ru|sohu.com|vk.com|pinterest.com|wordpress.com|360.cn|instagram.com|paypal.com|msn.com|soso.com|ask.com|tumblr.com|xvideos.com|mail.ru|163.com|imdb.com|stackoverflow.com|imgur.com|reddit.com|blogger.com|cnn.com|lemonde.fr|lefigaro.fr|tukif.com|allocine.fr|parisexe.com|t.co|lequipe.fr|pagesjaunes.fr|dailymotion.com|store.steampowered.com|googleadservices.com|doubleclick.net|youtu.be|rstyle.me|mondemul.net|cdn.m6web.fr|jheberg.net|userscloud.com"
|            element-clickhandler=""
|            element-clickhandler-attribute=""
|            element-ignore-attribute="rel"
|            element-ignore-pattern="pass"
|    >
|    </amp-digidip>
|    <!-- Invalid: missing publisher-id attribute. -->
|    <amp-digidip
>>   ^~~~~~~~~
amp-digidip/0.1/test/validator-amp-digidip.html:41:2 The mandatory attribute 'publisher-id' is missing in tag 'amp-digidip'. (see https://www.ampproject.org/docs/reference/components/amp-digidip) [AMP_TAG_PROBLEM]
|            layout="nodisplay"
|            hosts-ignore="facebook.com|youtube.com|baidu.com|wikipedia.org|twitter.com|qq.com|linkedin.com|taobao.com|live.com|hao123.com|sina.com.cn|blogspot.com|weibo.com|yandex.ru|sohu.com|vk.com|pinterest.com|wordpress.com|360.cn|instagram.com|paypal.com|msn.com|soso.com|ask.com|tumblr.com|xvideos.com|mail.ru|163.com|imdb.com|stackoverflow.com|imgur.com|reddit.com|blogger.com|cnn.com|lemonde.fr|lefigaro.fr|tukif.com|allocine.fr|parisexe.com|t.co|lequipe.fr|pagesjaunes.fr|dailymotion.com|store.steampowered.com|googleadservices.com|doubleclick.net|youtu.be|rstyle.me|mondemul.net|cdn.m6web.fr|jheberg.net|userscloud.com"
|            element-clickhandler=""
|            element-clickhandler-attribute=""
|            element-ignore-attribute="rel"
|            element-ignore-pattern="pass"
|    >
|    </amp-digidip>
|    <!-- Invalid: wrong publisher-id value. -->
|    <amp-digidip
>>   ^~~~~~~~~
amp-digidip/0.1/test/validator-amp-digidip.html:51:2 The attribute 'publisher-id' in tag 'amp-digidip' is set to the invalid value 'stylebudget!'. (see https://www.ampproject.org/docs/reference/components/amp-digidip) [DISALLOWED_HTML]
|            layout="nodisplay"
|            publisher-id="stylebudget!"
|            hosts-ignore="facebook.com|youtube.com|baidu.com|wikipedia.org|twitter.com|qq.com|linkedin.com|taobao.com|live.com|hao123.com|sina.com.cn|blogspot.com|weibo.com|yandex.ru|sohu.com|vk.com|pinterest.com|wordpress.com|360.cn|instagram.com|paypal.com|msn.com|soso.com|ask.com|tumblr.com|xvideos.com|mail.ru|163.com|imdb.com|stackoverflow.com|imgur.com|reddit.com|blogger.com|cnn.com|lemonde.fr|lefigaro.fr|tukif.com|allocine.fr|parisexe.com|t.co|lequipe.fr|pagesjaunes.fr|dailymotion.com|store.steampowered.com|googleadservices.com|doubleclick.net|youtu.be|rstyle.me|mondemul.net|cdn.m6web.fr|jheberg.net|userscloud.com"
|            element-clickhandler=""
|            element-clickhandler-attribute=""
|            element-ignore-attribute="rel"
|            element-ignore-pattern="pass"
|    >
|    </amp-digidip>
|  </body>
|  </html>