FAIL
amp-cxense-player/0.1/test/validator-amp-cxense-player.html:28:2 The tag 'script' is disallowed except in specific forms. [CUSTOM_JAVASCRIPT_DISALLOWED]
amp-cxense-player/0.1/test/validator-amp-cxense-player.html:31:2 The tag 'amp-cxense-player' is disallowed. [DISALLOWED_HTML]