FAIL
|  <!--
|    Copyright 2018 The AMP HTML Authors. All Rights Reserved.
|
|    Licensed under the Apache License, Version 2.0 (the "License");
|    you may not use this file except in compliance with the License.
|    You may obtain a copy of the License at
|
|        http://www.apache.org/licenses/LICENSE-2.0
|
|    Unless required by applicable law or agreed to in writing, software
|    distributed under the License is distributed on an "AS-IS" BASIS,
|    WITHOUT WARRANTIES OR CONDITIONS OF ANY KIND, either express or implied.
|    See the License for the specific language governing permissions and
|    limitations under the license.
|  -->
|  <!--
|    Test Description:
|    Tests for the amp-google-document-embed tag.
|  -->
|  <!doctype html>
|  <html âš¡>
|  <head>
|    <meta charset="utf-8">
|    <link rel="canonical" href="./regular-html-version.html">
|    <meta name="viewport" content="width=device-width,minimum-scale=1">
|    <style amp-boilerplate>body{-webkit-animation:-amp-start 8s steps(1,end) 0s 1 normal both;-moz-animation:-amp-start 8s steps(1,end) 0s 1 normal both;-ms-animation:-amp-start 8s steps(1,end) 0s 1 normal both;animation:-amp-start 8s steps(1,end) 0s 1 normal both}@-webkit-keyframes -amp-start{from{visibility:hidden}to{visibility:visible}}@-moz-keyframes -amp-start{from{visibility:hidden}to{visibility:visible}}@-ms-keyframes -amp-start{from{visibility:hidden}to{visibility:visible}}@-o-keyframes -amp-start{from{visibility:hidden}to{visibility:visible}}@keyframes -amp-start{from{visibility:hidden}to{visibility:visible}}</style><noscript><style amp-boilerplate>body{-webkit-animation:none;-moz-animation:none;-ms-animation:none;animation:none}</style></noscript>
|    <script async src="https://cdn.ampproject.org/v0.js"></script>
|    <script async custom-element="amp-google-document-embed" src="https://cdn.ampproject.org/v0/amp-google-document-embed-0.1.js"></script>
|  </head>
|  <body>
|    <!-- Valid: element with src and fixed layout -->
|    <amp-google-document-embed src="https://www.example.com/document.pdf" width="800" height="600">
|    </amp-google-document-embed>
|    <!-- Valid: element with responsive layout -->
|    <amp-google-document-embed src="https://www.example.com/document.pdf" width="800" height="600" layout="responsive">
|    </amp-google-document-embed>
|    <!-- Valid: element with src and bind [src] -->
|    <amp-google-document-embed src="https://www.example.com/document.pdf" [src]="'https://www.example.com/document.pdf'" width="800" height="600" layout="responsive">
|    </amp-google-document-embed>
|    <!-- Valid: element with title -->
|    <amp-google-document-embed src="https://www.example.com/document.pdf" title="One great doc" width="800" height="600" layout="responsive">
|    </amp-google-document-embed>
|    <!-- Valid: element with bind [title] -->
|    <amp-google-document-embed src="https://www.example.com/document.pdf" title="One great doc" [title]="'Another great doc'" width="800" height="600" layout="responsive">
|    </amp-google-document-embed>
|    <!-- Invalid: element without src -->
|    <amp-google-document-embed width="800" height="600">
>>   ^~~~~~~~~
amp-google-document-embed/0.1/test/validator-amp-google-document-embed.html:47:2 The mandatory attribute 'src' is missing in tag 'amp-google-document-embed'. (see https://www.ampproject.org/docs/reference/components/amp-google-document-embed) [AMP_TAG_PROBLEM]
|    </amp-google-document-embed>
|    <!-- Invalid: element with empty src -->
|    <amp-google-document-embed src="" width="800" height="600">
>>   ^~~~~~~~~
amp-google-document-embed/0.1/test/validator-amp-google-document-embed.html:50:2 Missing URL for attribute 'src' in tag 'amp-google-document-embed'. (see https://www.ampproject.org/docs/reference/components/amp-google-document-embed) [AMP_TAG_PROBLEM]
|    </amp-google-document-embed>
|    <!-- Invalid: element with empty src but bind [src] -->
|    <amp-google-document-embed src="" [src]="'https://www.example.com/document.pdf'" width="800" height="600">
>>   ^~~~~~~~~
amp-google-document-embed/0.1/test/validator-amp-google-document-embed.html:53:2 Missing URL for attribute 'src' in tag 'amp-google-document-embed'. (see https://www.ampproject.org/docs/reference/components/amp-google-document-embed) [AMP_TAG_PROBLEM]
|    </amp-google-document-embed>
|    <!-- Invalid: element with http src -->
|    <amp-google-document-embed src="http://www.example.com/document.pdf" width="800" height="600">
>>   ^~~~~~~~~
amp-google-document-embed/0.1/test/validator-amp-google-document-embed.html:56:2 Invalid URL protocol 'http:' for attribute 'src' in tag 'amp-google-document-embed'. (see https://www.ampproject.org/docs/reference/components/amp-google-document-embed) [AMP_TAG_PROBLEM]
|    </amp-google-document-embed>
|    <!-- Invalid: element with relative src -->
|    <amp-google-document-embed src="document.pdf" width="800" height="600">
>>   ^~~~~~~~~
amp-google-document-embed/0.1/test/validator-amp-google-document-embed.html:59:2 The relative URL 'document.pdf' for attribute 'src' in tag 'amp-google-document-embed' is disallowed. (see https://www.ampproject.org/docs/reference/components/amp-google-document-embed) [AMP_TAG_PROBLEM]
|    </amp-google-document-embed>
|  </body>
|  </html>