PASS
amp-sticky-ad/0.1/test/validator-amp-sticky-ad.html:40:7 The tag 'amp-ad extension .js script' is missing or incorrect, but required by 'amp-ad'. This will soon be an error. (see https://www.ampproject.org/docs/reference/amp-ad.html) [DEPRECATION]
