FAIL
|  <!--
|    Copyright 2016 The AMP HTML Authors. All Rights Reserved.
|
|    Licensed under the Apache License, Version 2.0 (the "License");
|    you may not use this file except in compliance with the License.
|    You may obtain a copy of the License at
|
|        http://www.apache.org/licenses/LICENSE-2.0
|
|    Unless required by applicable law or agreed to in writing, software
|    distributed under the License is distributed on an "AS-IS" BASIS,
|    WITHOUT WARRANTIES OR CONDITIONS OF ANY KIND, either express or implied.
|    See the License for the specific language governing permissions and
|    limitations under the license.
|  -->
|  <!--
|    Test Description:
|    Tests for the amp-carousel tag. There are multiple tagspecs for each carousel
|    and we want to see if the error messages are any good at distinguishing.
|  -->
|  <!doctype html>
|  <html âš¡>
|  <head>
|    <meta charset="utf-8">
|    <link rel="canonical" href="./regular-html-version.html">
|    <meta name="viewport" content="width=device-width,minimum-scale=1">
|    <style amp-boilerplate>body{-webkit-animation:-amp-start 8s steps(1,end) 0s 1 normal both;-moz-animation:-amp-start 8s steps(1,end) 0s 1 normal both;-ms-animation:-amp-start 8s steps(1,end) 0s 1 normal both;animation:-amp-start 8s steps(1,end) 0s 1 normal both}@-webkit-keyframes -amp-start{from{visibility:hidden}to{visibility:visible}}@-moz-keyframes -amp-start{from{visibility:hidden}to{visibility:visible}}@-ms-keyframes -amp-start{from{visibility:hidden}to{visibility:visible}}@-o-keyframes -amp-start{from{visibility:hidden}to{visibility:visible}}@keyframes -amp-start{from{visibility:hidden}to{visibility:visible}}</style><noscript><style amp-boilerplate>body{-webkit-animation:none;-moz-animation:none;-ms-animation:none;animation:none}</style></noscript>
|    <script async src="https://cdn.ampproject.org/v0.js"></script>
|  </head>
|  <body>
|    <!-- Invalid: Missing script, test is to see if the error message is OK. -->
|    <amp-carousel layout=fill></amp-carousel>
>>   ^~~~~~~~~
amp-carousel/0.2/test/validator-amp-carousel-error-msg.html:32:2 The tag 'amp-carousel' requires including the 'amp-carousel' extension JavaScript. (see https://amp.dev/documentation/components/amp-carousel/)
|    <amp-carousel width="600" height="522" layout="responsive" type="slides" controls></amp-carousel>
>>   ^~~~~~~~~
amp-carousel/0.2/test/validator-amp-carousel-error-msg.html:33:2 The tag 'amp-carousel' requires including the 'amp-carousel' extension JavaScript. (see https://amp.dev/documentation/components/amp-carousel/)
|  </body>
|  </html>
