FAIL
|  <!--
|    Copyright 2019 The AMP HTML Authors. All Rights Reserved.
|
|    Licensed under the Apache License, Version 2.0 (the "License");
|    you may not use this file except in compliance with the License.
|    You may obtain a copy of the License at
|
|        http://www.apache.org/licenses/LICENSE-2.0
|
|    Unless required by applicable law or agreed to in writing, software
|    distributed under the License is distributed on an "AS-IS" BASIS,
|    WITHOUT WARRANTIES OR CONDITIONS OF ANY KIND, either express or implied.
|    See the License for the specific language governing permissions and
|    limitations under the license.
|  -->
|  <!--
|    Test Description:
|    Tests for the amp-payments-google-button tag. See inline comments.
|  -->
|  <!doctype html>
|  <html âš¡ actions>
|  <head>
|    <meta charset="utf-8">
|    <link rel="canonical" href="./regular-html-version.html">
|    <meta name="viewport" content="width=device-width">
|    <style amp-boilerplate>body{-webkit-animation:-amp-start 8s steps(1,end) 0s 1 normal both;-moz-animation:-amp-start 8s steps(1,end) 0s 1 normal both;-ms-animation:-amp-start 8s steps(1,end) 0s 1 normal both;animation:-amp-start 8s steps(1,end) 0s 1 normal both}@-webkit-keyframes -amp-start{from{visibility:hidden}to{visibility:visible}}@-moz-keyframes -amp-start{from{visibility:hidden}to{visibility:visible}}@-ms-keyframes -amp-start{from{visibility:hidden}to{visibility:visible}}@-o-keyframes -amp-start{from{visibility:hidden}to{visibility:visible}}@keyframes -amp-start{from{visibility:hidden}to{visibility:visible}}</style><noscript><style amp-boilerplate>body{-webkit-animation:none;-moz-animation:none;-ms-animation:none;animation:none}</style></noscript>
|    <script async src="https://cdn.ampproject.org/v0.js"></script>
|    <script async custom-element="amp-bind" src="https://cdn.ampproject.org/v0/amp-bind-0.1.js"></script>
|    <script async custom-element="amp-payment-google-button" src="https://cdn.ampproject.org/v0/amp-payment-google-button-0.1.js"></script>
|  </head>
|  <body>
|    <amp-state id="form" overridable>
|      <script type="application/json">
|      {
|        "product": ["product1", "product2"],
|        "productNames": [
|          "Shown: White",
|          "Shown: Black"
|        ],
|        "productStyles": [
|          "Style: 1234-56",
|          "Style: 5678-90"
|        ],
|        "productIndex": 0,
|        "productSize": "10",
|        "staticDir": "/static",
|        "page": "product",
|        "checkout": {
|          "section": "shipment"
|        }
|      }
|      </script>
|    </amp-state>
|    <!-- Valid -->
|    <amp-payment-google-button>
|      <script type="application/json">
|      {
|        "apiVersion": 1,
|        "merchantId": "0123456789",
|        "allowedPaymentMethods": ["CARD", "TOKENIZED_CARD"],
|        "paymentMethodTokenizationParameters": {
|          "tokenizationType": "PAYMENT_GATEWAY",
|          "parameters": {
|            "gateway": "stripe",
|            "stripe:publishableKey": "0123456789",
|            "stripe:version": "5"
|          }
|        },
|        "cardRequirements": {
|          "allowedCardNetworks": ["AMEX", "DISCOVER", "VISA", "MASTERCARD"],
|          "billingAddressRequired": true
|        },
|        "emailRequired": true,
|        "transactionInfo": {
|          "currencyCode": "USD",
|          "totalPriceStatus": "ESTIMATED",
|          "totalPrice": "10.00"
|        }
|      }
|      </script>
|    </amp-payment-google-button>
|    <!-- Invalid: missing mandatory child script tag -->
|    <amp-payment-google-button></amp-payment-google-button>
>>   ^~~~~~~~~
amp-payment-google-button/0.1/test/validator-actions-amp-payment-google-button.html:83:2 Tag 'amp-payment-google-button' must have a minimum of 1 child tags - saw 0 child tags. (see https://www.ampproject.org/docs/reference/components/amp-payment-google-button) [GENERIC]
|  </body>
|  </html>
