FAIL
|  <!--
|    Test Description:
|    Tests support for the amp-facebook tag.
|  -->
|  <!doctype html>
|  <html âš¡ lang="en">
|  <head>
|    <meta charset="utf-8">
|    <link rel="canonical" href="./regular-html-version.html">
|    <meta name="viewport" content="width=device-width,minimum-scale=1">
|    <style amp-boilerplate>body{-webkit-animation:-amp-start 8s steps(1,end) 0s 1 normal both;-moz-animation:-amp-start 8s steps(1,end) 0s 1 normal both;-ms-animation:-amp-start 8s steps(1,end) 0s 1 normal both;animation:-amp-start 8s steps(1,end) 0s 1 normal both}@-webkit-keyframes -amp-start{from{visibility:hidden}to{visibility:visible}}@-moz-keyframes -amp-start{from{visibility:hidden}to{visibility:visible}}@-ms-keyframes -amp-start{from{visibility:hidden}to{visibility:visible}}@-o-keyframes -amp-start{from{visibility:hidden}to{visibility:visible}}@keyframes -amp-start{from{visibility:hidden}to{visibility:visible}}</style><noscript><style amp-boilerplate>body{-webkit-animation:none;-moz-animation:none;-ms-animation:none;animation:none}</style></noscript>
|    <script async src="https://cdn.ampproject.org/v0.js"></script>
|    <script async custom-element="amp-facebook" src="https://cdn.ampproject.org/v0/amp-facebook-1.0.js"></script>
|    <!-- Invalid: Cannot have both amp-facebook 1.0 and any amp-facebook-* 0.1 -->
|    <script async custom-element="amp-facebook-comments" src="https://cdn.ampproject.org/v0/amp-facebook-comments-0.1.js"></script>
|    <!-- Invalid: Cannot have both amp-facebook 1.0 and any amp-facebook-* 0.1 -->
|    <script async custom-element="amp-facebook-like" src="https://cdn.ampproject.org/v0/amp-facebook-like-0.1.js"></script>
|    <!-- Invalid: Cannot have both amp-facebook 1.0 and any amp-facebook-* 0.1 -->
|    <script async custom-element="amp-facebook-page" src="https://cdn.ampproject.org/v0/amp-facebook-page-0.1.js"></script>
|  </head>
|  <body>
|    <amp-facebook-like
|        width=486
|        height=657
|        layout="responsive"
|        data-href="https://www.facebook.com/zuck/posts/10102593740125791">
|    </amp-facebook-like>
|    <amp-facebook-comments
|      width=486
|      height=657
|      layout="responsive"
|      data-href="https://www.facebook.com/zuck/posts/10102593740125791">
|    </amp-facebook-comments>
|    <amp-facebook-page
|      width=486
|      height=657
|      layout="responsive"
|      data-href="https://www.facebook.com/zuck/posts/10102593740125791">
|    </amp-facebook-page>
|    <amp-facebook
|        width=552
|        height=200
|        layout="responsive"
|        data-embed-as="comment"
|        data-include-parent="true"
|        data-href="https://www.facebook.com/zuck/posts/10102735452532991?comment_id=717538375088203">
|    </amp-facebook>
|  </body>
|  </html>
>>       ^~~~~~~~~
amp-facebook/1.0/test/validator-amp-facebook-exclusive.html:49:6 The tag 'amp-facebook-comments extension script' is present, but is excluded by the presence of 'amp-facebook 1.0'. (see https://amp.dev/documentation/components/amp-facebook-comments)
>>       ^~~~~~~~~
amp-facebook/1.0/test/validator-amp-facebook-exclusive.html:49:6 The tag 'amp-facebook-like extension script' is present, but is excluded by the presence of 'amp-facebook 1.0'. (see https://amp.dev/documentation/components/amp-facebook-like)
>>       ^~~~~~~~~
amp-facebook/1.0/test/validator-amp-facebook-exclusive.html:49:6 The tag 'amp-facebook-page extension script' is present, but is excluded by the presence of 'amp-facebook 1.0'. (see https://amp.dev/documentation/components/amp-facebook-page)
>>       ^~~~~~~~~
amp-facebook/1.0/test/validator-amp-facebook-exclusive.html:49:6 The tag 'amp-facebook 1.0' is present, but is excluded by the presence of 'amp-facebook-comments 0.1'. (see https://amp.dev/documentation/components/amp-facebook)
>>       ^~~~~~~~~
amp-facebook/1.0/test/validator-amp-facebook-exclusive.html:49:6 The tag 'amp-facebook 1.0' is present, but is excluded by the presence of 'amp-facebook-like 0.1'. (see https://amp.dev/documentation/components/amp-facebook)
>>       ^~~~~~~~~
amp-facebook/1.0/test/validator-amp-facebook-exclusive.html:49:6 The tag 'amp-facebook 1.0' is present, but is excluded by the presence of 'amp-facebook-page 0.1'. (see https://amp.dev/documentation/components/amp-facebook)
