PASS
|  <!--
|    Test Description:
|    Tests for amp-video-docking tag with amp-dailymotion player.
|  -->
|  <!doctype html>
|  <html âš¡ lang="en">
|  <head>
|    <meta charset="utf-8">
|    <link rel="canonical" href="./regular-html-version.html">
|    <meta name="viewport" content="width=device-width,minimum-scale=1">
|    <style amp-boilerplate>body{-webkit-animation:-amp-start 8s steps(1,end) 0s 1 normal both;-moz-animation:-amp-start 8s steps(1,end) 0s 1 normal both;-ms-animation:-amp-start 8s steps(1,end) 0s 1 normal both;animation:-amp-start 8s steps(1,end) 0s 1 normal both}@-webkit-keyframes -amp-start{from{visibility:hidden}to{visibility:visible}}@-moz-keyframes -amp-start{from{visibility:hidden}to{visibility:visible}}@-ms-keyframes -amp-start{from{visibility:hidden}to{visibility:visible}}@-o-keyframes -amp-start{from{visibility:hidden}to{visibility:visible}}@keyframes -amp-start{from{visibility:hidden}to{visibility:visible}}</style><noscript><style amp-boilerplate>body{-webkit-animation:none;-moz-animation:none;-ms-animation:none;animation:none}</style></noscript>
|    <script async src="https://cdn.ampproject.org/v0.js"></script>
|    <script async custom-element="amp-dailymotion" src="https://cdn.ampproject.org/v0/amp-dailymotion-latest.js"></script>
|    <script async custom-element="amp-video-docking" src="https://cdn.ampproject.org/v0/amp-video-docking-latest.js"></script>
|  </head>
|  <body>
|    <!-- Valid: dock with `amp-dailymotion` and `amp-video-docking` extensions-->
|    <amp-dailymotion
|        dock
|        data-videoid="x2m8jpp" width="500" height="281">
|    </amp-dailymotion>
|  </body>
|  </html>
