FAIL
|  <!--
|    Test Description:
|    Tests for the amp-reddit tag. See the inline comments.
|  -->
|  <!doctype html>
|  <html âš¡ lang="en">
|  <head>
|    <meta charset="utf-8">
|    <link rel="canonical" href="./regular-html-version.html">
|    <meta name="viewport" content="width=device-width,minimum-scale=1">
|    <style amp-boilerplate>body{-webkit-animation:-amp-start 8s steps(1,end) 0s 1 normal both;-moz-animation:-amp-start 8s steps(1,end) 0s 1 normal both;-ms-animation:-amp-start 8s steps(1,end) 0s 1 normal both;animation:-amp-start 8s steps(1,end) 0s 1 normal both}@-webkit-keyframes -amp-start{from{visibility:hidden}to{visibility:visible}}@-moz-keyframes -amp-start{from{visibility:hidden}to{visibility:visible}}@-ms-keyframes -amp-start{from{visibility:hidden}to{visibility:visible}}@-o-keyframes -amp-start{from{visibility:hidden}to{visibility:visible}}@keyframes -amp-start{from{visibility:hidden}to{visibility:visible}}</style><noscript><style amp-boilerplate>body{-webkit-animation:none;-moz-animation:none;-ms-animation:none;animation:none}</style></noscript>
|    <script async custom-element="amp-reddit" src="https://cdn.ampproject.org/v0/amp-reddit-latest.js"></script>
|    <script async src="https://cdn.ampproject.org/v0.js"></script>
|  </head>
|  <body>
|    <!-- Valid: Embedding a reddit post -->
|    <amp-reddit
|      layout="responsive"
|      width="300"
|      height="400"
|      data-embedtype="post"
|      data-src="https://www.reddit.com/r/me_irl/comments/52rmir/me_irl/?ref=share&amp;ref_source=embed">
|    </amp-reddit>
|    <!-- Valid: Embedding a reddit comment -->
|    <amp-reddit
|      layout="responsive"
|      width="400"
|      height="400"
|      data-embedtype="comment"
|      data-src="https://www.reddit.com/r/sports/comments/54loj1/50_cents_awful_1st_pitch_given_a_historical/d8306kw"
|      data-uuid="b1246282-bd7b-4778-8c5b-5b08ac0e175e"
|      data-embedcreated="2016-09-26T21:26:17.823Z"
|      data-embedparent="true"
|      data-embedlive="true">
|    </amp-reddit>
|
|    <!-- Invalid: missing src attribute. -->
|    <amp-reddit
>>   ^~~~~~~~~
amp-reddit/0.1/test/validator-amp-reddit.html:38:2 The mandatory attribute 'data-src' is missing in tag 'amp-reddit'. (see https://amp.dev/documentation/components/amp-reddit)
|      layout="responsive"
|      width="300"
|      height="400"
|      data-embedtype="post">
|    </amp-reddit>
|  </body>
|  </html>
