FAIL
|  <!doctype html>
|  <html âš¡4ads>
|  <head>
|    <meta charset="utf-8">
|    <title>amp-mraid example</title>
|    <base href="/">
>>   ^~~~~~~~~
amp-mraid/0.1/test/validator-amp4ads-base-href-disallowed.html:6:2 The attribute 'href' may not appear in tag 'base'. [DISALLOWED_HTML]
|    <meta name="viewport" content="width=device-width,minimum-scale=1,initial-scale=1">
|    <style amp4ads-boilerplate>body{visibility:hidden}</style>
|    <script async host-script="amp-mraid" src="https://cdn.ampproject.org/v0/amp-mraid-0.1.js"></script>
|    <script async src="https://cdn.ampproject.org/amp4ads-v0.js"></script>
|  </head>
|  <body>
|  </body>
|  </html>