FAIL
|  <!--
|    Test Description:
|    Tests for <amp-ima-video dock> without amp-video-docking extension.
|  -->
|  <!doctype html>
|  <html âš¡ lang="en">
|  <head>
|    <meta charset="utf-8">
|    <link rel="canonical" href="./regular-html-version.html">
|    <meta name="viewport" content="width=device-width,minimum-scale=1">
|    <style amp-boilerplate>body{-webkit-animation:-amp-start 8s steps(1,end) 0s 1 normal both;-moz-animation:-amp-start 8s steps(1,end) 0s 1 normal both;-ms-animation:-amp-start 8s steps(1,end) 0s 1 normal both;animation:-amp-start 8s steps(1,end) 0s 1 normal both}@-webkit-keyframes -amp-start{from{visibility:hidden}to{visibility:visible}}@-moz-keyframes -amp-start{from{visibility:hidden}to{visibility:visible}}@-ms-keyframes -amp-start{from{visibility:hidden}to{visibility:visible}}@-o-keyframes -amp-start{from{visibility:hidden}to{visibility:visible}}@keyframes -amp-start{from{visibility:hidden}to{visibility:visible}}</style><noscript><style amp-boilerplate>body{-webkit-animation:none;-moz-animation:none;-ms-animation:none;animation:none}</style></noscript>
|    <script async src="https://cdn.ampproject.org/v0.js"></script>
|    <script async custom-element="amp-ima-video" src="https://cdn.ampproject.org/v0/amp-ima-video-latest.js"></script>
|  </head>
|  <body>
|    <!-- Invalid: dock without `amp-video-docking` extension -->
|    <amp-ima-video
>>   ^~~~~~~~~
amp-ima-video/0.1/test/validator-amp-ima-video-dock-no-extension.html:17:2 The attribute 'dock' requires including the 'amp-video-docking' extension JavaScript.
|        dock
|        width=640 height=360 layout="responsive"
|        data-src="https://s0.2mdn.net/4253510/google_ddm_animation_480P.mp4"
|        data-tag="https://pubads.g.doubleclick.net/gampad/ads?sz=640x480&iu=/124319096/external/ad_rule_samples&ciu_szs=300x250&ad_rule=1&impl=s&gdfp_req=1&env=vp&output=vmap&unviewed_position_start=1&cust_params=deployment%3Ddevsite%26sample_ar%3Dpremidpost&cmsid=496&vid=short_onecue&correlator="
|        data-poster="path/to/poster.png">
|    </amp-ima-video>
|  </body>
|  </html>
