FAIL
|  <!--
|    Copyright 2017 The AMP HTML Authors. All Rights Reserved.
|
|    Licensed under the Apache License, Version 2.0 (the "License");
|    you may not use this file except in compliance with the License.
|    You may obtain a copy of the License at
|
|        http://www.apache.org/licenses/LICENSE-2.0
|
|    Unless required by applicable law or agreed to in writing, software
|    distributed under the License is distributed on an "AS-IS" BASIS,
|    WITHOUT WARRANTIES OR CONDITIONS OF ANY KIND, either express or implied.
|    See the License for the specific language governing permissions and
|    limitations under the license.
|  -->
|  <!--
|    Test Description:
|    Tests for the amp-story tag.
|  -->
|  <!doctype html>
|  <html âš¡>
|  <head>
|    <meta charset="utf-8">
|    <title>STAMP examples</title>
|    <link rel="canonical" href="http://nonblocking.io/" >
|    <meta name="viewport" content="width=device-width,minimum-scale=1,initial-scale=1">
|    <style amp-boilerplate>body{-webkit-animation:-amp-start 8s steps(1,end) 0s 1 normal both;-moz-animation:-amp-start 8s steps(1,end) 0s 1 normal both;-ms-animation:-amp-start 8s steps(1,end) 0s 1 normal both;animation:-amp-start 8s steps(1,end) 0s 1 normal both}@-webkit-keyframes -amp-start{from{visibility:hidden}to{visibility:visible}}@-moz-keyframes -amp-start{from{visibility:hidden}to{visibility:visible}}@-ms-keyframes -amp-start{from{visibility:hidden}to{visibility:visible}}@-o-keyframes -amp-start{from{visibility:hidden}to{visibility:visible}}@keyframes -amp-start{from{visibility:hidden}to{visibility:visible}}</style><noscript><style amp-boilerplate>body{-webkit-animation:none;-moz-animation:none;-ms-animation:none;animation:none}</style></noscript>
|    <script async src="https://cdn.ampproject.org/v0.js"></script>
|    <script async custom-element="amp-story" src="https://cdn.ampproject.org/v0/amp-story-0.1.js"></script>
>>   ^~~~~~~~~
amp-story/0.1/test/validator-amp-story-reference-point.html:29:2 The extension 'amp-story' is referenced at version '0.1' which is a deprecated version. Please use a more recent version of this extension. This may become an error in the future. (see https://www.ampproject.org/docs/reference/components/amp-story) [DEPRECATION]
|  </head>
|  <body>
|    <amp-story standalone title="My Story" publisher="Me" publisher-logo-src="http://me.com/logo.png" poster-portrait-src="http://me.com/poster.jpg" background-audio="path/to/my.mp3">
|      <amp-story-page id="1" background-audio="path/to/my.mp3" auto-advance-after="any-value">
|        <amp-story-grid-layer template="horizontal">
|          <img class="footer-logo" src="img/foot-logo.svg" width="40" height="40" /> <!-- The real error here is that <img/> tag is not allowed. But this is a weird use case where the validator error will comment about reference points. This needs to be fixed in the near future. -->
>>         ^~~~~~~~~
amp-story/0.1/test/validator-amp-story-reference-point.html:35:8 The tag 'img', a child tag of 'amp-story-grid-layer', does not satisfy one of the acceptable reference points: AMP-STORY-GRID-LAYER default, AMP-STORY-GRID-LAYER animate-in. [AMP_TAG_PROBLEM]
>>         ^~~~~~~~~
amp-story/0.1/test/validator-amp-story-reference-point.html:35:8 The tag 'img' may only appear as a descendant of tag 'noscript'. Did you mean 'amp-img'? (see https://www.ampproject.org/docs/reference/components/amp-img) [DISALLOWED_HTML_WITH_AMP_EQUIVALENT]
>>         ^~~~~~~~~
amp-story/0.1/test/validator-amp-story-reference-point.html:35:8 The tag 'img' may not appear as a descendant of tag 'amp-story-grid-layer'. (see https://www.ampproject.org/docs/reference/components/amp-img) [AMP_TAG_PROBLEM]
|        </amp-story-grid-layer>
|      </amp-story-page>
|    </amp-story>
|  </body>
|  </html>