FAIL
amp-brightcove/0.1/test/validator-amp-brightcove.html:54:2 The mandatory attribute 'data-account' is missing in tag 'amp-brightcove'. (see https://www.ampproject.org/docs/reference/components/amp-brightcove) [AMP_TAG_PROBLEM]
