FAIL
|  <!--
|    Copyright 2018 The AMP HTML Authors. All Rights Reserved.
|
|    Licensed under the Apache License, Version 2.0 (the "License");
|    you may not use this file except in compliance with the License.
|    You may obtain a copy of the License at
|
|        http://www.apache.org/licenses/LICENSE-2.0
|
|    Unless required by applicable law or agreed to in writing, software
|    distributed under the License is distributed on an "AS-IS" BASIS,
|    WITHOUT WARRANTIES OR CONDITIONS OF ANY KIND, either express or implied.
|    See the License for the specific language governing permissions and
|    limitations under the license.
|  -->
|  <!--
|    Test Description:
|    Tests for the amp-lightbox tag. See the inline comments.
|  -->
|  <!doctype html>
|  <html âš¡>
|  <head>
|    <meta charset="utf-8">
|    <link rel="canonical" href="./regular-html-version.html">
|    <meta name="viewport" content="width=device-width,minimum-scale=1">
|    <style amp-boilerplate>body{-webkit-animation:-amp-start 8s steps(1,end) 0s 1 normal both;-moz-animation:-amp-start 8s steps(1,end) 0s 1 normal both;-ms-animation:-amp-start 8s steps(1,end) 0s 1 normal both;animation:-amp-start 8s steps(1,end) 0s 1 normal both}@-webkit-keyframes -amp-start{from{visibility:hidden}to{visibility:visible}}@-moz-keyframes -amp-start{from{visibility:hidden}to{visibility:visible}}@-ms-keyframes -amp-start{from{visibility:hidden}to{visibility:visible}}@-o-keyframes -amp-start{from{visibility:hidden}to{visibility:visible}}@keyframes -amp-start{from{visibility:hidden}to{visibility:visible}}</style><noscript><style amp-boilerplate>body{-webkit-animation:none;-moz-animation:none;-ms-animation:none;animation:none}</style></noscript>
|    <script async custom-element="amp-lightbox" src="https://cdn.ampproject.org/v0/amp-lightbox-latest.js"></script>
|    <script async src="https://cdn.ampproject.org/v0.js"></script>
|  </head>
|  <body>
|    <!-- Valid -->
|    <amp-lightbox id="lb-0" layout="nodisplay">
|
|    <!-- Invalid: layout must be nodisplay. -->
|    <amp-lightbox width="512" height="360"></amp-lightbox>
>>   ^~~~~~~~~
amp-lightbox/0.1/test/validator-amp-lightbox.html:35:2 The implied layout 'FIXED' is not supported by tag 'amp-lightbox'. (see https://www.ampproject.org/docs/reference/components/amp-lightbox) [AMP_LAYOUT_PROBLEM]
|
|    <!-- Valid -->
|    <amp-lightbox id="lb-2" layout="nodisplay" animate-in="fade-in">
|    </amp-lightbox>
|
|    <!-- Valid -->
|    <amp-lightbox id="lb-3" layout="nodisplay" animate-in="fly-in-bottom">
|    </amp-lightbox>
|
|    <!-- Valid -->
|    <amp-lightbox id="lb-4" layout="nodisplay" animate-in="fly-in-top">
|    </amp-lightbox>
|
|    <!-- Invalid: invalid `animate-in` value -->
|    <amp-lightbox id="lb-5" layout="nodisplay" animate-in="xmas-lights">
>>   ^~~~~~~~~
amp-lightbox/0.1/test/validator-amp-lightbox.html:50:2 The attribute 'animate-in' in tag 'amp-lightbox' is set to the invalid value 'xmas-lights'. (see https://www.ampproject.org/docs/reference/components/amp-lightbox) [DISALLOWED_HTML]
|    </amp-lightbox>
|  </body>
|  </html>
